[2025-12-23 14:06:04,684][torch.distributed.distributed_c10d][INFO] - Added key: store_based_barrier_key:1 to store for rank: 4
[2025-12-23 14:06:05,207][torch.distributed.distributed_c10d][INFO] - Rank 4: Completed store-based barrier for key:store_based_barrier_key:1 with 8 nodes.
[2025-12-23 14:06:36,404][multiflow.models.folding_model][INFO] - Loading ESMFold on device cuda:5
[2025-12-23 14:06:37,077][root][INFO] - gcc -pthread -B /data2/zq/conda_environment/conda_envs/multiflow/compiler_compat -Wno-unused-result -Wsign-compare -DNDEBUG -fwrapv -O2 -Wall -fPIC -O2 -isystem /data2/zq/conda_environment/conda_envs/multiflow/include -fPIC -O2 -isystem /data2/zq/conda_environment/conda_envs/multiflow/include -fPIC -c /data2/zq/conda_environment/tmp/tmpshn15kup/test.c -o /data2/zq/conda_environment/tmp/tmpshn15kup/test.o
[2025-12-23 14:06:37,111][root][INFO] - gcc -pthread -B /data2/zq/conda_environment/conda_envs/multiflow/compiler_compat /data2/zq/conda_environment/tmp/tmpshn15kup/test.o -laio -o /data2/zq/conda_environment/tmp/tmpshn15kup/a.out
[2025-12-23 14:06:37,500][root][INFO] - gcc -pthread -B /data2/zq/conda_environment/conda_envs/multiflow/compiler_compat -Wno-unused-result -Wsign-compare -DNDEBUG -fwrapv -O2 -Wall -fPIC -O2 -isystem /data2/zq/conda_environment/conda_envs/multiflow/include -fPIC -O2 -isystem /data2/zq/conda_environment/conda_envs/multiflow/include -fPIC -c /data2/zq/conda_environment/tmp/tmpsip4e889/test.c -o /data2/zq/conda_environment/tmp/tmpsip4e889/test.o
[2025-12-23 14:06:37,529][root][INFO] - gcc -pthread -B /data2/zq/conda_environment/conda_envs/multiflow/compiler_compat /data2/zq/conda_environment/tmp/tmpsip4e889/test.o -L/usr -L/usr/lib64 -lcufile -o /data2/zq/conda_environment/tmp/tmpsip4e889/a.out
[2025-12-23 15:05:12,587][torch.distributed.distributed_c10d][INFO] - Added key: store_based_barrier_key:1 to store for rank: 4
[2025-12-23 15:05:16,365][torch.distributed.distributed_c10d][INFO] - Rank 4: Completed store-based barrier for key:store_based_barrier_key:1 with 8 nodes.
[2025-12-23 15:08:15,846][torch.distributed.distributed_c10d][INFO] - Added key: store_based_barrier_key:1 to store for rank: 4
[2025-12-23 15:08:17,920][torch.distributed.distributed_c10d][INFO] - Rank 4: Completed store-based barrier for key:store_based_barrier_key:1 with 8 nodes.
[2025-12-23 15:22:21,765][torch.distributed.distributed_c10d][INFO] - Added key: store_based_barrier_key:1 to store for rank: 4
[2025-12-23 15:22:21,786][torch.distributed.distributed_c10d][INFO] - Rank 4: Completed store-based barrier for key:store_based_barrier_key:1 with 8 nodes.
[2025-12-23 15:23:10,575][multiflow.models.folding_model][INFO] - Loading ESMFold on device cuda:5
[2025-12-23 15:23:11,213][root][INFO] - gcc -pthread -B /data2/zq/conda_environment/conda_envs/multiflow/compiler_compat -Wno-unused-result -Wsign-compare -DNDEBUG -fwrapv -O2 -Wall -fPIC -O2 -isystem /data2/zq/conda_environment/conda_envs/multiflow/include -fPIC -O2 -isystem /data2/zq/conda_environment/conda_envs/multiflow/include -fPIC -c /data2/zq/conda_environment/tmp/tmpvaz4q6ic/test.c -o /data2/zq/conda_environment/tmp/tmpvaz4q6ic/test.o
[2025-12-23 15:23:11,236][root][INFO] - gcc -pthread -B /data2/zq/conda_environment/conda_envs/multiflow/compiler_compat /data2/zq/conda_environment/tmp/tmpvaz4q6ic/test.o -laio -o /data2/zq/conda_environment/tmp/tmpvaz4q6ic/a.out
[2025-12-23 15:23:11,833][root][INFO] - gcc -pthread -B /data2/zq/conda_environment/conda_envs/multiflow/compiler_compat -Wno-unused-result -Wsign-compare -DNDEBUG -fwrapv -O2 -Wall -fPIC -O2 -isystem /data2/zq/conda_environment/conda_envs/multiflow/include -fPIC -O2 -isystem /data2/zq/conda_environment/conda_envs/multiflow/include -fPIC -c /data2/zq/conda_environment/tmp/tmpxivkge6q/test.c -o /data2/zq/conda_environment/tmp/tmpxivkge6q/test.o
[2025-12-23 15:23:11,852][root][INFO] - gcc -pthread -B /data2/zq/conda_environment/conda_envs/multiflow/compiler_compat /data2/zq/conda_environment/tmp/tmpxivkge6q/test.o -L/usr -L/usr/lib64 -lcufile -o /data2/zq/conda_environment/tmp/tmpxivkge6q/a.out
[2025-12-23 15:33:42,260][torch.distributed.distributed_c10d][INFO] - Added key: store_based_barrier_key:1 to store for rank: 4
[2025-12-23 15:33:45,332][torch.distributed.distributed_c10d][INFO] - Rank 4: Completed store-based barrier for key:store_based_barrier_key:1 with 8 nodes.
[2025-12-23 15:36:00,111][torch.distributed.distributed_c10d][INFO] - Added key: store_based_barrier_key:1 to store for rank: 4
[2025-12-23 15:36:02,147][torch.distributed.distributed_c10d][INFO] - Rank 4: Completed store-based barrier for key:store_based_barrier_key:1 with 8 nodes.
[2025-12-23 15:39:49,006][torch.distributed.distributed_c10d][INFO] - Added key: store_based_barrier_key:1 to store for rank: 4
[2025-12-23 15:39:50,013][torch.distributed.distributed_c10d][INFO] - Rank 4: Completed store-based barrier for key:store_based_barrier_key:1 with 8 nodes.
[2025-12-23 15:48:40,938][torch.distributed.distributed_c10d][INFO] - Added key: store_based_barrier_key:1 to store for rank: 4
[2025-12-23 15:48:41,197][torch.distributed.distributed_c10d][INFO] - Rank 4: Completed store-based barrier for key:store_based_barrier_key:1 with 8 nodes.
[2025-12-23 15:49:15,980][multiflow.models.folding_model][INFO] - Loading ESMFold on device cuda:5
[2025-12-23 15:49:16,586][root][INFO] - gcc -pthread -B /data2/zq/conda_environment/conda_envs/multiflow/compiler_compat -Wno-unused-result -Wsign-compare -DNDEBUG -fwrapv -O2 -Wall -fPIC -O2 -isystem /data2/zq/conda_environment/conda_envs/multiflow/include -fPIC -O2 -isystem /data2/zq/conda_environment/conda_envs/multiflow/include -fPIC -c /data2/zq/conda_environment/tmp/tmpvsw0kbje/test.c -o /data2/zq/conda_environment/tmp/tmpvsw0kbje/test.o
[2025-12-23 15:49:16,617][root][INFO] - gcc -pthread -B /data2/zq/conda_environment/conda_envs/multiflow/compiler_compat /data2/zq/conda_environment/tmp/tmpvsw0kbje/test.o -laio -o /data2/zq/conda_environment/tmp/tmpvsw0kbje/a.out
[2025-12-23 15:49:17,070][root][INFO] - gcc -pthread -B /data2/zq/conda_environment/conda_envs/multiflow/compiler_compat -Wno-unused-result -Wsign-compare -DNDEBUG -fwrapv -O2 -Wall -fPIC -O2 -isystem /data2/zq/conda_environment/conda_envs/multiflow/include -fPIC -O2 -isystem /data2/zq/conda_environment/conda_envs/multiflow/include -fPIC -c /data2/zq/conda_environment/tmp/tmp37o65k2n/test.c -o /data2/zq/conda_environment/tmp/tmp37o65k2n/test.o
[2025-12-23 15:49:17,089][root][INFO] - gcc -pthread -B /data2/zq/conda_environment/conda_envs/multiflow/compiler_compat /data2/zq/conda_environment/tmp/tmp37o65k2n/test.o -L/usr -L/usr/lib64 -lcufile -o /data2/zq/conda_environment/tmp/tmp37o65k2n/a.out
[2025-12-23 16:58:01,586][torch.distributed.distributed_c10d][INFO] - Added key: store_based_barrier_key:1 to store for rank: 4
[2025-12-23 16:58:01,607][torch.distributed.distributed_c10d][INFO] - Rank 4: Completed store-based barrier for key:store_based_barrier_key:1 with 8 nodes.
[2025-12-23 16:58:34,065][multiflow.models.folding_model][INFO] - Loading ESMFold on device cuda:5
[2025-12-23 16:58:34,690][root][INFO] - gcc -pthread -B /data2/zq/conda_environment/conda_envs/multiflow/compiler_compat -Wno-unused-result -Wsign-compare -DNDEBUG -fwrapv -O2 -Wall -fPIC -O2 -isystem /data2/zq/conda_environment/conda_envs/multiflow/include -fPIC -O2 -isystem /data2/zq/conda_environment/conda_envs/multiflow/include -fPIC -c /data2/zq/conda_environment/tmp/tmphdh3eo0s/test.c -o /data2/zq/conda_environment/tmp/tmphdh3eo0s/test.o
[2025-12-23 16:58:34,715][root][INFO] - gcc -pthread -B /data2/zq/conda_environment/conda_envs/multiflow/compiler_compat /data2/zq/conda_environment/tmp/tmphdh3eo0s/test.o -laio -o /data2/zq/conda_environment/tmp/tmphdh3eo0s/a.out
[2025-12-23 16:58:35,181][root][INFO] - gcc -pthread -B /data2/zq/conda_environment/conda_envs/multiflow/compiler_compat -Wno-unused-result -Wsign-compare -DNDEBUG -fwrapv -O2 -Wall -fPIC -O2 -isystem /data2/zq/conda_environment/conda_envs/multiflow/include -fPIC -O2 -isystem /data2/zq/conda_environment/conda_envs/multiflow/include -fPIC -c /data2/zq/conda_environment/tmp/tmpblmmm_mi/test.c -o /data2/zq/conda_environment/tmp/tmpblmmm_mi/test.o
[2025-12-23 16:58:35,213][root][INFO] - gcc -pthread -B /data2/zq/conda_environment/conda_envs/multiflow/compiler_compat /data2/zq/conda_environment/tmp/tmpblmmm_mi/test.o -L/usr -L/usr/lib64 -lcufile -o /data2/zq/conda_environment/tmp/tmpblmmm_mi/a.out
[2025-12-23 18:01:09,753][torch.distributed.distributed_c10d][INFO] - Added key: store_based_barrier_key:1 to store for rank: 4
[2025-12-23 18:01:12,006][torch.distributed.distributed_c10d][INFO] - Rank 4: Completed store-based barrier for key:store_based_barrier_key:1 with 8 nodes.
[2025-12-23 18:02:17,949][torch.distributed.distributed_c10d][INFO] - Added key: store_based_barrier_key:1 to store for rank: 4
[2025-12-23 18:02:19,621][torch.distributed.distributed_c10d][INFO] - Rank 4: Completed store-based barrier for key:store_based_barrier_key:1 with 8 nodes.
[2025-12-23 18:10:21,792][torch.distributed.distributed_c10d][INFO] - Added key: store_based_barrier_key:1 to store for rank: 4
[2025-12-23 18:10:21,905][torch.distributed.distributed_c10d][INFO] - Rank 4: Completed store-based barrier for key:store_based_barrier_key:1 with 8 nodes.
[2025-12-23 18:10:58,421][multiflow.models.folding_model][INFO] - Loading ESMFold on device cuda:5
[2025-12-23 18:10:59,035][root][INFO] - gcc -pthread -B /data2/zq/conda_environment/conda_envs/multiflow/compiler_compat -Wno-unused-result -Wsign-compare -DNDEBUG -fwrapv -O2 -Wall -fPIC -O2 -isystem /data2/zq/conda_environment/conda_envs/multiflow/include -fPIC -O2 -isystem /data2/zq/conda_environment/conda_envs/multiflow/include -fPIC -c /data2/zq/conda_environment/tmp/tmpn1za79f_/test.c -o /data2/zq/conda_environment/tmp/tmpn1za79f_/test.o
[2025-12-23 18:10:59,064][root][INFO] - gcc -pthread -B /data2/zq/conda_environment/conda_envs/multiflow/compiler_compat /data2/zq/conda_environment/tmp/tmpn1za79f_/test.o -laio -o /data2/zq/conda_environment/tmp/tmpn1za79f_/a.out
[2025-12-23 18:10:59,553][root][INFO] - gcc -pthread -B /data2/zq/conda_environment/conda_envs/multiflow/compiler_compat -Wno-unused-result -Wsign-compare -DNDEBUG -fwrapv -O2 -Wall -fPIC -O2 -isystem /data2/zq/conda_environment/conda_envs/multiflow/include -fPIC -O2 -isystem /data2/zq/conda_environment/conda_envs/multiflow/include -fPIC -c /data2/zq/conda_environment/tmp/tmpvejq5e8z/test.c -o /data2/zq/conda_environment/tmp/tmpvejq5e8z/test.o
[2025-12-23 18:10:59,581][root][INFO] - gcc -pthread -B /data2/zq/conda_environment/conda_envs/multiflow/compiler_compat /data2/zq/conda_environment/tmp/tmpvejq5e8z/test.o -L/usr -L/usr/lib64 -lcufile -o /data2/zq/conda_environment/tmp/tmpvejq5e8z/a.out
[2025-12-23 20:37:22,436][torch.distributed.distributed_c10d][INFO] - Added key: store_based_barrier_key:1 to store for rank: 4
[2025-12-23 20:37:23,138][torch.distributed.distributed_c10d][INFO] - Rank 4: Completed store-based barrier for key:store_based_barrier_key:1 with 8 nodes.
[2025-12-23 20:37:58,594][multiflow.models.folding_model][INFO] - Loading ESMFold on device cuda:5
[2025-12-23 20:37:59,197][root][INFO] - gcc -pthread -B /data2/zq/conda_environment/conda_envs/multiflow/compiler_compat -Wno-unused-result -Wsign-compare -DNDEBUG -fwrapv -O2 -Wall -fPIC -O2 -isystem /data2/zq/conda_environment/conda_envs/multiflow/include -fPIC -O2 -isystem /data2/zq/conda_environment/conda_envs/multiflow/include -fPIC -c /data2/zq/conda_environment/tmp/tmpibwhrdak/test.c -o /data2/zq/conda_environment/tmp/tmpibwhrdak/test.o
[2025-12-23 20:37:59,219][root][INFO] - gcc -pthread -B /data2/zq/conda_environment/conda_envs/multiflow/compiler_compat /data2/zq/conda_environment/tmp/tmpibwhrdak/test.o -laio -o /data2/zq/conda_environment/tmp/tmpibwhrdak/a.out
[2025-12-23 20:37:59,603][root][INFO] - gcc -pthread -B /data2/zq/conda_environment/conda_envs/multiflow/compiler_compat -Wno-unused-result -Wsign-compare -DNDEBUG -fwrapv -O2 -Wall -fPIC -O2 -isystem /data2/zq/conda_environment/conda_envs/multiflow/include -fPIC -O2 -isystem /data2/zq/conda_environment/conda_envs/multiflow/include -fPIC -c /data2/zq/conda_environment/tmp/tmp05t_ucee/test.c -o /data2/zq/conda_environment/tmp/tmp05t_ucee/test.o
[2025-12-23 20:37:59,635][root][INFO] - gcc -pthread -B /data2/zq/conda_environment/conda_envs/multiflow/compiler_compat /data2/zq/conda_environment/tmp/tmp05t_ucee/test.o -L/usr -L/usr/lib64 -lcufile -o /data2/zq/conda_environment/tmp/tmp05t_ucee/a.out
[2025-12-23 21:27:09,166][torch.distributed.distributed_c10d][INFO] - Added key: store_based_barrier_key:1 to store for rank: 4
[2025-12-23 21:27:09,167][torch.distributed.distributed_c10d][INFO] - Rank 4: Completed store-based barrier for key:store_based_barrier_key:1 with 8 nodes.
[2025-12-23 21:27:44,043][multiflow.models.folding_model][INFO] - Loading ESMFold on device cuda:5
[2025-12-23 21:27:44,663][root][INFO] - gcc -pthread -B /data2/zq/conda_environment/conda_envs/multiflow/compiler_compat -Wno-unused-result -Wsign-compare -DNDEBUG -fwrapv -O2 -Wall -fPIC -O2 -isystem /data2/zq/conda_environment/conda_envs/multiflow/include -fPIC -O2 -isystem /data2/zq/conda_environment/conda_envs/multiflow/include -fPIC -c /data2/zq/conda_environment/tmp/tmp38ml6k29/test.c -o /data2/zq/conda_environment/tmp/tmp38ml6k29/test.o
[2025-12-23 21:27:44,688][root][INFO] - gcc -pthread -B /data2/zq/conda_environment/conda_envs/multiflow/compiler_compat /data2/zq/conda_environment/tmp/tmp38ml6k29/test.o -laio -o /data2/zq/conda_environment/tmp/tmp38ml6k29/a.out
[2025-12-23 21:27:45,120][root][INFO] - gcc -pthread -B /data2/zq/conda_environment/conda_envs/multiflow/compiler_compat -Wno-unused-result -Wsign-compare -DNDEBUG -fwrapv -O2 -Wall -fPIC -O2 -isystem /data2/zq/conda_environment/conda_envs/multiflow/include -fPIC -O2 -isystem /data2/zq/conda_environment/conda_envs/multiflow/include -fPIC -c /data2/zq/conda_environment/tmp/tmpcthjqcgd/test.c -o /data2/zq/conda_environment/tmp/tmpcthjqcgd/test.o
[2025-12-23 21:27:45,149][root][INFO] - gcc -pthread -B /data2/zq/conda_environment/conda_envs/multiflow/compiler_compat /data2/zq/conda_environment/tmp/tmpcthjqcgd/test.o -L/usr -L/usr/lib64 -lcufile -o /data2/zq/conda_environment/tmp/tmpcthjqcgd/a.out
[2025-12-23 22:31:17,943][torch.distributed.distributed_c10d][INFO] - Added key: store_based_barrier_key:1 to store for rank: 4
[2025-12-23 22:31:17,965][torch.distributed.distributed_c10d][INFO] - Rank 4: Completed store-based barrier for key:store_based_barrier_key:1 with 8 nodes.
[2025-12-23 22:31:54,941][multiflow.models.folding_model][INFO] - Loading ESMFold on device cuda:5
[2025-12-23 22:31:55,585][root][INFO] - gcc -pthread -B /data2/zq/conda_environment/conda_envs/multiflow/compiler_compat -Wno-unused-result -Wsign-compare -DNDEBUG -fwrapv -O2 -Wall -fPIC -O2 -isystem /data2/zq/conda_environment/conda_envs/multiflow/include -fPIC -O2 -isystem /data2/zq/conda_environment/conda_envs/multiflow/include -fPIC -c /data2/zq/conda_environment/tmp/tmpm50cjipm/test.c -o /data2/zq/conda_environment/tmp/tmpm50cjipm/test.o
[2025-12-23 22:31:55,617][root][INFO] - gcc -pthread -B /data2/zq/conda_environment/conda_envs/multiflow/compiler_compat /data2/zq/conda_environment/tmp/tmpm50cjipm/test.o -laio -o /data2/zq/conda_environment/tmp/tmpm50cjipm/a.out
[2025-12-23 22:31:56,074][root][INFO] - gcc -pthread -B /data2/zq/conda_environment/conda_envs/multiflow/compiler_compat -Wno-unused-result -Wsign-compare -DNDEBUG -fwrapv -O2 -Wall -fPIC -O2 -isystem /data2/zq/conda_environment/conda_envs/multiflow/include -fPIC -O2 -isystem /data2/zq/conda_environment/conda_envs/multiflow/include -fPIC -c /data2/zq/conda_environment/tmp/tmpdychgz8z/test.c -o /data2/zq/conda_environment/tmp/tmpdychgz8z/test.o
[2025-12-23 22:31:56,096][root][INFO] - gcc -pthread -B /data2/zq/conda_environment/conda_envs/multiflow/compiler_compat /data2/zq/conda_environment/tmp/tmpdychgz8z/test.o -L/usr -L/usr/lib64 -lcufile -o /data2/zq/conda_environment/tmp/tmpdychgz8z/a.out
[2025-12-23 23:39:42,767][torch.distributed.distributed_c10d][INFO] - Added key: store_based_barrier_key:1 to store for rank: 4
[2025-12-23 23:39:42,973][torch.distributed.distributed_c10d][INFO] - Rank 4: Completed store-based barrier for key:store_based_barrier_key:1 with 8 nodes.
[2025-12-23 23:40:18,162][multiflow.models.folding_model][INFO] - Loading ESMFold on device cuda:5
[2025-12-23 23:40:18,782][root][INFO] - gcc -pthread -B /data2/zq/conda_environment/conda_envs/multiflow/compiler_compat -Wno-unused-result -Wsign-compare -DNDEBUG -fwrapv -O2 -Wall -fPIC -O2 -isystem /data2/zq/conda_environment/conda_envs/multiflow/include -fPIC -O2 -isystem /data2/zq/conda_environment/conda_envs/multiflow/include -fPIC -c /data2/zq/conda_environment/tmp/tmphax55dx1/test.c -o /data2/zq/conda_environment/tmp/tmphax55dx1/test.o
[2025-12-23 23:40:18,810][root][INFO] - gcc -pthread -B /data2/zq/conda_environment/conda_envs/multiflow/compiler_compat /data2/zq/conda_environment/tmp/tmphax55dx1/test.o -laio -o /data2/zq/conda_environment/tmp/tmphax55dx1/a.out
[2025-12-23 23:40:19,370][root][INFO] - gcc -pthread -B /data2/zq/conda_environment/conda_envs/multiflow/compiler_compat -Wno-unused-result -Wsign-compare -DNDEBUG -fwrapv -O2 -Wall -fPIC -O2 -isystem /data2/zq/conda_environment/conda_envs/multiflow/include -fPIC -O2 -isystem /data2/zq/conda_environment/conda_envs/multiflow/include -fPIC -c /data2/zq/conda_environment/tmp/tmp9ipf19n5/test.c -o /data2/zq/conda_environment/tmp/tmp9ipf19n5/test.o
[2025-12-23 23:40:19,392][root][INFO] - gcc -pthread -B /data2/zq/conda_environment/conda_envs/multiflow/compiler_compat /data2/zq/conda_environment/tmp/tmp9ipf19n5/test.o -L/usr -L/usr/lib64 -lcufile -o /data2/zq/conda_environment/tmp/tmp9ipf19n5/a.out
[2025-12-30 18:24:14,827][torch.distributed.distributed_c10d][INFO] - Added key: store_based_barrier_key:1 to store for rank: 4
[2025-12-30 18:24:14,910][torch.distributed.distributed_c10d][INFO] - Rank 4: Completed store-based barrier for key:store_based_barrier_key:1 with 5 nodes.
[2025-12-30 18:24:49,549][multiflow.models.folding_model][INFO] - Loading ESMFold on device cuda:6
[2025-12-30 18:24:50,142][root][INFO] - gcc -pthread -B /data2/zq/conda_environment/conda_envs/multiflow/compiler_compat -Wno-unused-result -Wsign-compare -DNDEBUG -fwrapv -O2 -Wall -fPIC -O2 -isystem /data2/zq/conda_environment/conda_envs/multiflow/include -fPIC -O2 -isystem /data2/zq/conda_environment/conda_envs/multiflow/include -fPIC -c /data2/zq/conda_environment/tmp/tmprtrgnwep/test.c -o /data2/zq/conda_environment/tmp/tmprtrgnwep/test.o
[2025-12-30 18:24:50,170][root][INFO] - gcc -pthread -B /data2/zq/conda_environment/conda_envs/multiflow/compiler_compat /data2/zq/conda_environment/tmp/tmprtrgnwep/test.o -laio -o /data2/zq/conda_environment/tmp/tmprtrgnwep/a.out
[2025-12-30 18:24:50,575][root][INFO] - gcc -pthread -B /data2/zq/conda_environment/conda_envs/multiflow/compiler_compat -Wno-unused-result -Wsign-compare -DNDEBUG -fwrapv -O2 -Wall -fPIC -O2 -isystem /data2/zq/conda_environment/conda_envs/multiflow/include -fPIC -O2 -isystem /data2/zq/conda_environment/conda_envs/multiflow/include -fPIC -c /data2/zq/conda_environment/tmp/tmp2rubngr1/test.c -o /data2/zq/conda_environment/tmp/tmp2rubngr1/test.o
[2025-12-30 18:24:50,596][root][INFO] - gcc -pthread -B /data2/zq/conda_environment/conda_envs/multiflow/compiler_compat /data2/zq/conda_environment/tmp/tmp2rubngr1/test.o -L/usr -L/usr/lib64 -lcufile -o /data2/zq/conda_environment/tmp/tmp2rubngr1/a.out
[2026-03-08 12:41:31,663][torch.distributed.distributed_c10d][INFO] - Added key: store_based_barrier_key:1 to store for rank: 4
[2026-03-08 12:41:31,734][torch.distributed.distributed_c10d][INFO] - Rank 4: Completed store-based barrier for key:store_based_barrier_key:1 with 8 nodes.
[2026-03-08 12:41:33,887][multiflow.models.flow_module][INFO] - Skipping instance [4] length 70
[2026-03-08 12:42:05,800][multiflow.models.folding_model][INFO] - Loading ESMFold on device cuda:4
[2026-03-08 12:42:06,379][root][INFO] - gcc -pthread -B /data2/zq/conda_environment/conda_envs/multiflow/compiler_compat -Wno-unused-result -Wsign-compare -DNDEBUG -fwrapv -O2 -Wall -fPIC -O2 -isystem /data2/zq/conda_environment/conda_envs/multiflow/include -fPIC -O2 -isystem /data2/zq/conda_environment/conda_envs/multiflow/include -fPIC -c /data2/zq/conda_environment/tmp/tmp8mu0gnd9/test.c -o /data2/zq/conda_environment/tmp/tmp8mu0gnd9/test.o
[2026-03-08 12:42:06,415][root][INFO] - gcc -pthread -B /data2/zq/conda_environment/conda_envs/multiflow/compiler_compat /data2/zq/conda_environment/tmp/tmp8mu0gnd9/test.o -laio -o /data2/zq/conda_environment/tmp/tmp8mu0gnd9/a.out
[2026-03-08 12:42:06,851][root][INFO] - gcc -pthread -B /data2/zq/conda_environment/conda_envs/multiflow/compiler_compat -Wno-unused-result -Wsign-compare -DNDEBUG -fwrapv -O2 -Wall -fPIC -O2 -isystem /data2/zq/conda_environment/conda_envs/multiflow/include -fPIC -O2 -isystem /data2/zq/conda_environment/conda_envs/multiflow/include -fPIC -c /data2/zq/conda_environment/tmp/tmpy1ys16ph/test.c -o /data2/zq/conda_environment/tmp/tmpy1ys16ph/test.o
[2026-03-08 12:42:06,879][root][INFO] - gcc -pthread -B /data2/zq/conda_environment/conda_envs/multiflow/compiler_compat /data2/zq/conda_environment/tmp/tmpy1ys16ph/test.o -L/usr -L/usr/lib64 -lcufile -o /data2/zq/conda_environment/tmp/tmpy1ys16ph/a.out
[2026-03-08 21:10:33,701][torch.distributed.distributed_c10d][INFO] - Added key: store_based_barrier_key:1 to store for rank: 4
[2026-03-08 21:10:34,423][torch.distributed.distributed_c10d][INFO] - Rank 4: Completed store-based barrier for key:store_based_barrier_key:1 with 8 nodes.
[2026-03-08 21:11:59,683][multiflow.models.folding_model][INFO] - Loading ESMFold on device cuda:4
[2026-03-08 21:12:00,302][root][INFO] - gcc -pthread -B /data2/zq/conda_environment/conda_envs/multiflow/compiler_compat -Wno-unused-result -Wsign-compare -DNDEBUG -fwrapv -O2 -Wall -fPIC -O2 -isystem /data2/zq/conda_environment/conda_envs/multiflow/include -fPIC -O2 -isystem /data2/zq/conda_environment/conda_envs/multiflow/include -fPIC -c /data2/zq/conda_environment/tmp/tmpxzfe2pg9/test.c -o /data2/zq/conda_environment/tmp/tmpxzfe2pg9/test.o
[2026-03-08 21:12:00,346][root][INFO] - gcc -pthread -B /data2/zq/conda_environment/conda_envs/multiflow/compiler_compat /data2/zq/conda_environment/tmp/tmpxzfe2pg9/test.o -laio -o /data2/zq/conda_environment/tmp/tmpxzfe2pg9/a.out
[2026-03-08 21:12:00,721][root][INFO] - gcc -pthread -B /data2/zq/conda_environment/conda_envs/multiflow/compiler_compat -Wno-unused-result -Wsign-compare -DNDEBUG -fwrapv -O2 -Wall -fPIC -O2 -isystem /data2/zq/conda_environment/conda_envs/multiflow/include -fPIC -O2 -isystem /data2/zq/conda_environment/conda_envs/multiflow/include -fPIC -c /data2/zq/conda_environment/tmp/tmpgs50mjde/test.c -o /data2/zq/conda_environment/tmp/tmpgs50mjde/test.o
[2026-03-08 21:12:00,748][root][INFO] - gcc -pthread -B /data2/zq/conda_environment/conda_envs/multiflow/compiler_compat /data2/zq/conda_environment/tmp/tmpgs50mjde/test.o -L/usr -L/usr/lib64 -lcufile -o /data2/zq/conda_environment/tmp/tmpgs50mjde/a.out
[2026-03-09 00:09:22,483][torch.distributed.distributed_c10d][INFO] - Added key: store_based_barrier_key:1 to store for rank: 4
[2026-03-09 00:09:25,064][torch.distributed.distributed_c10d][INFO] - Rank 4: Completed store-based barrier for key:store_based_barrier_key:1 with 8 nodes.
[2026-03-09 00:20:33,572][torch.distributed.distributed_c10d][INFO] - Added key: store_based_barrier_key:1 to store for rank: 4
[2026-03-09 00:20:33,747][torch.distributed.distributed_c10d][INFO] - Rank 4: Completed store-based barrier for key:store_based_barrier_key:1 with 8 nodes.
[2026-03-09 00:20:47,696][multiflow.models.folding_model][INFO] - Loading ESMFold on device cuda:4
[2026-03-09 00:20:48,273][root][INFO] - gcc -pthread -B /data2/zq/conda_environment/conda_envs/multiflow/compiler_compat -Wno-unused-result -Wsign-compare -DNDEBUG -fwrapv -O2 -Wall -fPIC -O2 -isystem /data2/zq/conda_environment/conda_envs/multiflow/include -fPIC -O2 -isystem /data2/zq/conda_environment/conda_envs/multiflow/include -fPIC -c /data2/zq/conda_environment/tmp/tmpwgy0f28f/test.c -o /data2/zq/conda_environment/tmp/tmpwgy0f28f/test.o
[2026-03-09 00:20:48,293][root][INFO] - gcc -pthread -B /data2/zq/conda_environment/conda_envs/multiflow/compiler_compat /data2/zq/conda_environment/tmp/tmpwgy0f28f/test.o -laio -o /data2/zq/conda_environment/tmp/tmpwgy0f28f/a.out
[2026-03-09 00:20:48,713][root][INFO] - gcc -pthread -B /data2/zq/conda_environment/conda_envs/multiflow/compiler_compat -Wno-unused-result -Wsign-compare -DNDEBUG -fwrapv -O2 -Wall -fPIC -O2 -isystem /data2/zq/conda_environment/conda_envs/multiflow/include -fPIC -O2 -isystem /data2/zq/conda_environment/conda_envs/multiflow/include -fPIC -c /data2/zq/conda_environment/tmp/tmphe5s0tuo/test.c -o /data2/zq/conda_environment/tmp/tmphe5s0tuo/test.o
[2026-03-09 00:20:48,731][root][INFO] - gcc -pthread -B /data2/zq/conda_environment/conda_envs/multiflow/compiler_compat /data2/zq/conda_environment/tmp/tmphe5s0tuo/test.o -L/usr -L/usr/lib64 -lcufile -o /data2/zq/conda_environment/tmp/tmphe5s0tuo/a.out
[2026-03-15 13:36:52,000][torch.distributed.distributed_c10d][INFO] - Added key: store_based_barrier_key:1 to store for rank: 4
[2026-03-15 13:36:52,063][torch.distributed.distributed_c10d][INFO] - Rank 4: Completed store-based barrier for key:store_based_barrier_key:1 with 8 nodes.
[2026-03-15 13:43:34,203][multiflow.models.folding_model][INFO] - Loading ESMFold on device cuda:4
[2026-03-15 13:43:34,812][root][INFO] - gcc -pthread -B /data2/zq/conda_environment/conda_envs/multiflow/compiler_compat -Wno-unused-result -Wsign-compare -DNDEBUG -fwrapv -O2 -Wall -fPIC -O2 -isystem /data2/zq/conda_environment/conda_envs/multiflow/include -fPIC -O2 -isystem /data2/zq/conda_environment/conda_envs/multiflow/include -fPIC -c /data2/zq/conda_environment/tmp/tmpki5s6aoi/test.c -o /data2/zq/conda_environment/tmp/tmpki5s6aoi/test.o
[2026-03-15 13:43:34,845][root][INFO] - gcc -pthread -B /data2/zq/conda_environment/conda_envs/multiflow/compiler_compat /data2/zq/conda_environment/tmp/tmpki5s6aoi/test.o -laio -o /data2/zq/conda_environment/tmp/tmpki5s6aoi/a.out
[2026-03-15 13:43:35,277][root][INFO] - gcc -pthread -B /data2/zq/conda_environment/conda_envs/multiflow/compiler_compat -Wno-unused-result -Wsign-compare -DNDEBUG -fwrapv -O2 -Wall -fPIC -O2 -isystem /data2/zq/conda_environment/conda_envs/multiflow/include -fPIC -O2 -isystem /data2/zq/conda_environment/conda_envs/multiflow/include -fPIC -c /data2/zq/conda_environment/tmp/tmpajv8mwxk/test.c -o /data2/zq/conda_environment/tmp/tmpajv8mwxk/test.o
[2026-03-15 13:43:35,297][root][INFO] - gcc -pthread -B /data2/zq/conda_environment/conda_envs/multiflow/compiler_compat /data2/zq/conda_environment/tmp/tmpajv8mwxk/test.o -L/usr -L/usr/lib64 -lcufile -o /data2/zq/conda_environment/tmp/tmpajv8mwxk/a.out
[2026-03-15 15:19:57,433][multiflow.data.datasets][INFO] - Training: 2778 examples
[2026-03-15 15:19:57,505][multiflow.data.datasets][INFO] - Validation: 40 examples with lengths [ 51  93 120 147 174 200 228 256]
[2026-03-15 15:19:59,073][torch.distributed.distributed_c10d][INFO] - Added key: store_based_barrier_key:1 to store for rank: 4
[2026-03-15 15:19:59,104][torch.distributed.distributed_c10d][INFO] - Rank 4: Completed store-based barrier for key:store_based_barrier_key:1 with 8 nodes.
[2026-03-15 15:47:10,879][multiflow.data.datasets][INFO] - Training: 2778 examples
[2026-03-15 15:47:10,972][multiflow.data.datasets][INFO] - Validation: 40 examples with lengths [ 51  93 120 147 174 200 228 256]
[2026-03-15 15:47:11,719][torch.distributed.distributed_c10d][INFO] - Added key: store_based_barrier_key:1 to store for rank: 4
[2026-03-15 15:47:15,396][torch.distributed.distributed_c10d][INFO] - Rank 4: Completed store-based barrier for key:store_based_barrier_key:1 with 8 nodes.
[2026-03-15 15:50:18,544][multiflow.data.datasets][INFO] - Training: 2778 examples
[2026-03-15 15:50:18,614][multiflow.data.datasets][INFO] - Validation: 40 examples with lengths [ 51  93 120 147 174 200 228 256]
[2026-03-15 15:50:20,394][torch.distributed.distributed_c10d][INFO] - Added key: store_based_barrier_key:1 to store for rank: 4
[2026-03-15 15:50:20,590][torch.distributed.distributed_c10d][INFO] - Rank 4: Completed store-based barrier for key:store_based_barrier_key:1 with 8 nodes.
[2026-03-15 16:04:16,938][multiflow.data.datasets][INFO] - Training: 2778 examples
[2026-03-15 16:04:17,017][multiflow.data.datasets][INFO] - Validation: 40 examples with lengths [ 51  93 120 147 174 200 228 256]
[2026-03-15 16:04:19,036][torch.distributed.distributed_c10d][INFO] - Added key: store_based_barrier_key:1 to store for rank: 4
[2026-03-15 16:04:19,450][torch.distributed.distributed_c10d][INFO] - Rank 4: Completed store-based barrier for key:store_based_barrier_key:1 with 8 nodes.
